[www.momsis.co.kr/index.html]
[backblue.gif]
[fade.gif]
[index.html]
[www.momsis.co.kr/no.html]
[www.momsis.co.kr/index.html]
[www.momsis.co.kr/no.html]
[www.momsis.co.kr/index-2.html]
[www.momsis.co.kr/style.css]
[www.momsis.co.kr/main/sub_back.jpg]
[www.momsis.co.kr/js/common.js]
[www.momsis.co.kr/bbs/logine98e.html]
[www.momsis.co.kr/js/jquery-1.4.2.min.js]
[www.momsis.co.kr/sub_a.js]
[www.momsis.co.kr/bbs/register.html]
[www.momsis.co.kr/main/z.gif]
[www.momsis.co.kr/main_l.js]
[www.momsis.co.kr/main/e.gif]
[www.momsis.co.kr/a4.html]
[www.momsis.co.kr/main/a1.gif]
[www.momsis.co.kr/bbs/board5f62.html]
[www.momsis.co.kr/main/a2.gif]
[www.momsis.co.kr/bbs/boardfe4c.html]
[www.momsis.co.kr/skin/latest/sygnus/img/dot.gif]
[www.momsis.co.kr/skin/latest/sygnus/img/line.gif]
[www.momsis.co.kr/bbs/board08c0.html]
[www.momsis.co.kr/bbs/board1735.html]
[www.momsis.co.kr/bbs/board4479.html]
[www.momsis.co.kr/bbs/board4780.html]
[www.momsis.co.kr/main/b1.gif]
[www.momsis.co.kr/bbs/boardf24c.html]
[www.momsis.co.kr/main/b2.gif]
[www.momsis.co.kr/bbs/boardeee4.html]
[www.momsis.co.kr/data/file/c1/2040362810_DaGiIySt_20.jpg]
[www.momsis.co.kr/bbs/boardf5a4.html]
[www.momsis.co.kr/data/file/c1/2040362810_6bon30mQ_18.jpg]
[www.momsis.co.kr/bbs/board1801.html]
[www.momsis.co.kr/bbs/board1ad5.html]
[www.momsis.co.kr/data/file/c1/2040362810_FKgOTDtL_10.jpg]
[www.momsis.co.kr/bbs/board9de4.html]
[www.momsis.co.kr/data/file/c1/2040362810_flChtJoV_7.jpg]
[www.momsis.co.kr/bbs/board7874.html]
[www.momsis.co.kr/data/file/c1/2040362810_643DJkRx_2.jpg]
[www.momsis.co.kr/main/b3.gif]
[www.momsis.co.kr/main/b4.gif]
[www.momsis.co.kr/main/down.gif]
[www.momsis.co.kr/js/wrest.js]
[www.momsis.co.kr/bbs/board0fc6.html]
[www.momsis.co.kr/adm/index.html]
[www.momsis.co.kr/index-2.html]
[www.momsis.co.kr/style.css]
[www.momsis.co.kr/title2/head_1.gif]
[www.momsis.co.kr/title2/l_head_1.gif]
[www.momsis.co.kr/title2/2.gif]
[www.momsis.co.kr/a1.html]
[www.momsis.co.kr/title2/1.gif]
[www.momsis.co.kr/a2.html]
[www.momsis.co.kr/title2/l_head_2.gif]
[www.momsis.co.kr/a3.html]
[www.momsis.co.kr/title2/l_head_3.gif]
[www.momsis.co.kr/js/capslock.js]
[www.momsis.co.kr/skin/member/basic/img/icon.gif]
[www.momsis.co.kr/skin/member/basic/img/btn_login.gif]
[www.momsis.co.kr/skin/member/basic/img/dot_line.gif]
[www.momsis.co.kr/skin/member/basic/img/btn_register.gif]
[www.momsis.co.kr/skin/member/basic/img/btn_password_forget.gif]
[www.momsis.co.kr/bbs/login_check.html]
[www.momsis.co.kr/bbs/logine98e.html]
[www.momsis.co.kr/bbs/login416b.html]
[www.momsis.co.kr/skin/member/basic/img/join_title.gif]
[www.momsis.co.kr/skin/member/basic/img/join_ok_btn.gif]
[www.momsis.co.kr/bbs/register_form.html]
[www.momsis.co.kr/bbs/register.html]
[www.momsis.co.kr/bbs/login063b.html]
[www.momsis.co.kr/title/a4.gif]
[www.momsis.co.kr/a/gil.jpg]
[www.momsis.co.kr/hi/l_line2.gif]
[www.momsis.co.kr/a4.html]
[www.momsis.co.kr/bbs/login3bee.html]
[www.momsis.co.kr/title2/head_5.gif]
[www.momsis.co.kr/bbs/board1330.html]
[www.momsis.co.kr/bbs/boardefb6.html]
[www.momsis.co.kr/title/e3.gif]
[www.momsis.co.kr/js/sideview.js]
[www.momsis.co.kr/skin/board/basic/img/title_bg.gif]
[www.momsis.co.kr/skin/board/basic/img/icon_total.gif]
[www.momsis.co.kr/bbs/board9a75.html]
[www.momsis.co.kr/bbs/boardfd70.html]
[www.momsis.co.kr/skin/board/basic/img/icon_hot.gif]
[www.momsis.co.kr/skin/board/basic/img/btn_search.gif]
[www.momsis.co.kr/bbs/board5f62.html]
[www.momsis.co.kr/bbs/login8cbe.html]
[www.momsis.co.kr/title/e1.gif]
[www.momsis.co.kr/bbs/board666c.html]
[www.momsis.co.kr/bbs/boarde7a1.html]
[www.momsis.co.kr/skin/board/basic/img/icon_file.gif]
[www.momsis.co.kr/bbs/boardfe4c.html]
[www.momsis.co.kr/bbs/login85b5.html]
[www.momsis.co.kr/js/ajax.js]
[www.momsis.co.kr/skin/board/basic/img/icon_date.gif]
[www.momsis.co.kr/skin/board/basic/img/btn_list.gif]
[www.momsis.co.kr/skin/board/basic/img/title_shadow.gif]
[www.momsis.co.kr/bbs/board5bb1.html]
[www.momsis.co.kr/skin/board/basic/img/view_dot.gif]
[www.momsis.co.kr/skin/board/basic/img/icon_view.gif]
[www.momsis.co.kr/js/md5.js]
[www.momsis.co.kr/js/board.js]
[www.momsis.co.kr/bbs/board08c0.html]
[www.momsis.co.kr/bbs/login0f60.html]
[www.momsis.co.kr/data/file/e1/2040362810_g2evSQHi_3.jpg]
[www.momsis.co.kr/bbs/board9e20.html]
[www.momsis.co.kr/bbs/board1735.html]
[www.momsis.co.kr/bbs/loginbc54.html]
[www.momsis.co.kr/data/file/e1/2040362810_8pBQZimM_2.jpg]
[www.momsis.co.kr/bbs/board4479.html]
[www.momsis.co.kr/bbs/loginf34b.html]
[www.momsis.co.kr/data/file/e1/2040362810_YtLB1fzE_1.jpg]
[www.momsis.co.kr/bbs/board4780.html]
[www.momsis.co.kr/bbs/login0401.html]
[www.momsis.co.kr/bbs/boardf24c.html]
[www.momsis.co.kr/bbs/boardeee4.html]
[www.momsis.co.kr/bbs/logine74c.html]
[www.momsis.co.kr/title2/head_3.gif]
[www.momsis.co.kr/bbs/logina570.html]
[www.momsis.co.kr/title/c1.gif]
[www.momsis.co.kr/bbs/board8d58.html]
[www.momsis.co.kr/skin/board/gd_gallery/img/icon_zoomin.gif]
[www.momsis.co.kr/skin/board/gd_gallery/img/icon_zoomout.gif]
[www.momsis.co.kr/data/file/c1/2040362810_NskGR9pI_21.jpg]
[www.momsis.co.kr/data/file/c1/thumb/6]
[www.momsis.co.kr/data/file/c1/thumb/4]
[www.momsis.co.kr/data/file/c1/thumb/5]
[www.momsis.co.kr/bbs/board9da0.html]
[www.momsis.co.kr/data/file/c1/thumb/3]
[www.momsis.co.kr/bbs/boardf5a4.html]
[www.momsis.co.kr/data/file/c1/thumb/2]
[www.momsis.co.kr/bbs/board1801.html]
[www.momsis.co.kr/bbs/login5227.html]
[www.momsis.co.kr/data/file/c1/2040362810_IxGqcZA5_11.jpg]
[www.momsis.co.kr/data/file/c1/thumb/1]
[www.momsis.co.kr/bbs/logina0b6.html]
[www.momsis.co.kr/data/file/c1/2040362810_W98H4zyp_12.jpg]
[www.momsis.co.kr/data/file/c1/2040362810_wbmRX6rS_13.jpg]
[www.momsis.co.kr/data/file/c1/2040362810_ZDv5OQBN_14.jpg]
[www.momsis.co.kr/data/file/c1/2040362810_Mdn7h3Sm_15.jpg]
[www.momsis.co.kr/data/file/c1/2040362810_UbzKsX9S_16.jpg]
[www.momsis.co.kr/data/file/c1/2040362810_1jexuPpq_17.jpg]
[www.momsis.co.kr/bbs/board1ad5.html]
[www.momsis.co.kr/bbs/login976d.html]
[www.momsis.co.kr/data/file/c1/2040362810_t2lTLvYR_8.jpg]
[www.momsis.co.kr/data/file/c1/2040362810_Bun09ktf_9.jpg]
[www.momsis.co.kr/bbs/board9de4.html]
[www.momsis.co.kr/bbs/loginfa54.html]
[www.momsis.co.kr/data/file/c1/2040362810_0xTq8lhb_3.jpg]
[www.momsis.co.kr/data/file/c1/2040362810_I6Ryribk_4.jpg]
[www.momsis.co.kr/data/file/c1/2040362810_KH7f1eSL_5.jpg]
[www.momsis.co.kr/bbs/board7874.html]
[www.momsis.co.kr/bbs/login560a.html]
[www.momsis.co.kr/adm/index.html]
[www.momsis.co.kr/bbs/loginffc7.html]
[www.momsis.co.kr/title/e2.gif]
[www.momsis.co.kr/bbs/board382b.html]
[www.momsis.co.kr/bbs/boarda8c4.html]
[www.momsis.co.kr/bbs/board1342.html]
[www.momsis.co.kr/skin/board/basic/img/btn_write.gif]
[www.momsis.co.kr/bbs/board0fc6.html]
[www.momsis.co.kr/bbs/write0fc6.html]
[www.momsis.co.kr/title/a1.gif]
[www.momsis.co.kr/bbs/login1b9b.html]
[www.momsis.co.kr/a/a1.jpg]
[www.momsis.co.kr/a1.html]
[www.momsis.co.kr/bbs/logindf94.html]
[www.momsis.co.kr/title/a2.gif]
[www.momsis.co.kr/hi/line.gif]
[www.momsis.co.kr/hi/line3.gif]
[www.momsis.co.kr/hi/line2.gif]
[www.momsis.co.kr/a2.html]
[www.momsis.co.kr/bbs/login8df1.html]
[www.momsis.co.kr/a3.html]
[www.momsis.co.kr/bbs/login_check.html]
[www.momsis.co.kr/bbs/login416b.html]
[www.momsis.co.kr/bbs/register_form.html]
[www.momsis.co.kr/bbs/login063b.html]
[www.momsis.co.kr/bbs/login3bee.html]
[www.momsis.co.kr/title/e4.gif]
[www.momsis.co.kr/bbs/login646d.html]
[www.momsis.co.kr/bbs/board4b32.html]
[www.momsis.co.kr/bbs/board936d.html]
[www.momsis.co.kr/bbs/board4cda.html]
[www.momsis.co.kr/bbs/board8f21.html]
[www.momsis.co.kr/bbs/boarda3af.html]
[www.momsis.co.kr/bbs/board8197.html]
[www.momsis.co.kr/bbs/boardf087.html]
[www.momsis.co.kr/bbs/board65a4.html]
[www.momsis.co.kr/bbs/board44f7.html]
[www.momsis.co.kr/bbs/board2e3d.html]
[www.momsis.co.kr/bbs/boardfea6.html]
[www.momsis.co.kr/bbs/boarde2dd.html]
[www.momsis.co.kr/bbs/board64d3.html]
[www.momsis.co.kr/bbs/board56f7.html]
[www.momsis.co.kr/bbs/boardc4fb.html]
[www.momsis.co.kr/bbs/board1330.html]
[www.momsis.co.kr/bbs/board1dc6.html]
[www.momsis.co.kr/title/e5.gif]
[www.momsis.co.kr/bbs/board3c73.html]
[www.momsis.co.kr/bbs/loginf9fa.html]
[www.momsis.co.kr/bbs/board128c.html]
[www.momsis.co.kr/bbs/boardefb6.html]
[www.momsis.co.kr/bbs/boardf2e3.html]
[www.momsis.co.kr/bbs/loginf03e.html]
[www.momsis.co.kr/bbs/board9a75.html]
[www.momsis.co.kr/bbs/boardab59.html]
[www.momsis.co.kr/bbs/board46b8.html]
[www.momsis.co.kr/bbs/login4248.html]
[www.momsis.co.kr/bbs/boardfd70.html]
[www.momsis.co.kr/bbs/login8cbe.html]
[www.momsis.co.kr/bbs/boardbaa6.html]
[www.momsis.co.kr/bbs/board5fa5.html]
[www.momsis.co.kr/bbs/loginf178.html]
[www.momsis.co.kr/bbs/board1795.html]
[www.momsis.co.kr/bbs/boardf838.html]
[www.momsis.co.kr/bbs/boardd5db.html]
[www.momsis.co.kr/bbs/boardf80b.html]
[www.momsis.co.kr/bbs/board666c.html]
[www.momsis.co.kr/bbs/boardfc9a.html]
[www.momsis.co.kr/bbs/login5c7b.html]
[www.momsis.co.kr/bbs/board14df.html]
[www.momsis.co.kr/bbs/boardafd2.html]
[www.momsis.co.kr/bbs/boardbf4c.html]
[www.momsis.co.kr/bbs/board0213.html]
[www.momsis.co.kr/bbs/board040f.html]
[www.momsis.co.kr/bbs/boarde7a1.html]
[www.momsis.co.kr/bbs/login85b5.html]
[www.momsis.co.kr/bbs/board3e1e.html]
[www.momsis.co.kr/bbs/board5bb1.html]
[www.momsis.co.kr/bbs/login0f60.html]
[www.momsis.co.kr/bbs/boardf14c.html]
[www.momsis.co.kr/bbs/login5a68.html]
[www.momsis.co.kr/bbs/boarde221.html]
[www.momsis.co.kr/bbs/loginf7b1.html]
[www.momsis.co.kr/bbs/board2595.html]
[www.momsis.co.kr/bbs/boardc4c8.html]
[www.momsis.co.kr/bbs/boarde681.html]
[www.momsis.co.kr/bbs/board9e20.html]
[www.momsis.co.kr/bbs/loginbc54.html]
[www.momsis.co.kr/bbs/loginf34b.html]
[www.momsis.co.kr/bbs/login0401.html]
[www.momsis.co.kr/bbs/logine74c.html]
[www.momsis.co.kr/bbs/logina570.html]
[www.momsis.co.kr/bbs/board8d58.html]
[www.momsis.co.kr/bbs/board4bf5.html]
[www.momsis.co.kr/bbs/board1b9d.html]
[www.momsis.co.kr/data/file/c1/2040362810_gqCERS9z_1.jpg]
[www.momsis.co.kr/bbs/loginae8e.html]
[www.momsis.co.kr/bbs/board9da0.html]
[www.momsis.co.kr/bbs/login5227.html]
[www.momsis.co.kr/bbs/logina0b6.html]
[www.momsis.co.kr/bbs/login976d.html]
[www.momsis.co.kr/bbs/loginfa54.html]
[www.momsis.co.kr/bbs/login560a.html]
[www.momsis.co.kr/bbs/loginffc7.html]
[www.momsis.co.kr/bbs/login5c8a.html]
[www.momsis.co.kr/bbs/login68df.html]
[www.momsis.co.kr/bbs/board382b.html]
[www.momsis.co.kr/bbs/boardba06.html]
[www.momsis.co.kr/bbs/boardad1b.html]
[www.momsis.co.kr/bbs/login073b.html]
[www.momsis.co.kr/bbs/boarda8c4.html]
[www.momsis.co.kr/bbs/boardf78d.html]
[www.momsis.co.kr/bbs/board6454.html]
[www.momsis.co.kr/bbs/board1342.html]
[www.momsis.co.kr/bbs/login8eab.html]
[www.momsis.co.kr/skin/board/basic/img/up.gif]
[www.momsis.co.kr/bbs/boardff97.html]
[www.momsis.co.kr/skin/board/basic/img/start.gif]
[www.momsis.co.kr/bbs/logina080.html]
[www.momsis.co.kr/skin/board/basic/img/down.gif]
[www.momsis.co.kr/js/jquery.kcaptcha.js]
[www.momsis.co.kr/bbs/write_update.html]
[www.momsis.co.kr/bbs/write0fc6.html]
[www.momsis.co.kr/bbs/login1b9b.html]
[www.momsis.co.kr/bbs/logindf94.html]
[www.momsis.co.kr/bbs/login8df1.html]
[www.momsis.co.kr/bbs/login646d.html]
[www.momsis.co.kr/title/a3.gif]
[www.momsis.co.kr/a/a4.jpg]
[www.momsis.co.kr/bbs/loginac23.html]
[www.momsis.co.kr/bbs/board2f33.html]
[www.momsis.co.kr/bbs/board805f.html]
[www.momsis.co.kr/bbs/board32da.html]
[www.momsis.co.kr/bbs/board17a5.html]
[www.momsis.co.kr/bbs/boardcbcf.html]
[www.momsis.co.kr/bbs/board07f0.html]
[www.momsis.co.kr/bbs/board3fa3.html]
[www.momsis.co.kr/bbs/board2025.html]
[www.momsis.co.kr/bbs/board317f.html]
[www.momsis.co.kr/bbs/boardfe8d.html]
[www.momsis.co.kr/bbs/boardaec8.html]
[www.momsis.co.kr/bbs/board6d40.html]
[www.momsis.co.kr/bbs/boardd127.html]
[www.momsis.co.kr/bbs/boardf0d1.html]
[www.momsis.co.kr/bbs/board4b32.html]
[www.momsis.co.kr/bbs/board795d.html]
[www.momsis.co.kr/bbs/board0050.html]
[www.momsis.co.kr/bbs/login03af.html]
[www.momsis.co.kr/bbs/board5248.html]
[www.momsis.co.kr/bbs/board7a24.html]
[www.momsis.co.kr/bbs/board3eb4.html]
[www.momsis.co.kr/bbs/boardd491.html]
[www.momsis.co.kr/bbs/board5b48.html]
[www.momsis.co.kr/bbs/board2448.html]
[www.momsis.co.kr/bbs/board12f0.html]
[www.momsis.co.kr/bbs/board1295.html]
[www.momsis.co.kr/bbs/boardda5e.html]
[www.momsis.co.kr/bbs/boardb106.html]
[www.momsis.co.kr/bbs/boardfed3.html]
[www.momsis.co.kr/bbs/board010d.html]
[www.momsis.co.kr/bbs/board9b27.html]
[www.momsis.co.kr/bbs/board496c.html]
[www.momsis.co.kr/bbs/board936d.html]
[www.momsis.co.kr/bbs/boardf709.html]
[www.momsis.co.kr/bbs/login1627.html]
[www.momsis.co.kr/bbs/board4cda.html]
[www.momsis.co.kr/bbs/board5ed4.html]
[www.momsis.co.kr/bbs/board8f21.html]
[www.momsis.co.kr/bbs/board5ec6.html]
[www.momsis.co.kr/bbs/boarda3af.html]
[www.momsis.co.kr/bbs/logina634.html]
[www.momsis.co.kr/bbs/board8197.html]
[www.momsis.co.kr/bbs/loginbc4d.html]
[www.momsis.co.kr/bbs/boardf087.html]
[www.momsis.co.kr/bbs/login10cf.html]
[www.momsis.co.kr/bbs/board65a4.html]
[www.momsis.co.kr/bbs/login14de.html]
[www.momsis.co.kr/bbs/board44f7.html]
[www.momsis.co.kr/bbs/login7b5b.html]
[www.momsis.co.kr/bbs/board2e3d.html]
[www.momsis.co.kr/bbs/login8019.html]
[www.momsis.co.kr/bbs/boardfea6.html]
[www.momsis.co.kr/bbs/login7335.html]
[www.momsis.co.kr/bbs/boarde2dd.html]
[www.momsis.co.kr/bbs/login2f60.html]
[www.momsis.co.kr/bbs/board64d3.html]
[www.momsis.co.kr/bbs/login7448.html]
[www.momsis.co.kr/bbs/board56f7.html]
[www.momsis.co.kr/bbs/login669e.html]
[www.momsis.co.kr/bbs/boardc4fb.html]
[www.momsis.co.kr/bbs/login61ab.html]
[www.momsis.co.kr/bbs/board1dc6.html]
[www.momsis.co.kr/bbs/login7097.html]
[www.momsis.co.kr/bbs/board3c73.html]
[www.momsis.co.kr/bbs/loginf9fa.html]
[www.momsis.co.kr/bbs/login684b.html]
[www.momsis.co.kr/bbs/loginf539.html]
[www.momsis.co.kr/bbs/board128c.html]
[www.momsis.co.kr/bbs/login799d.html]
[www.momsis.co.kr/bbs/boardbdd6.html]
[www.momsis.co.kr/bbs/boardf2e3.html]
[www.momsis.co.kr/bbs/loginf03e.html]
[www.momsis.co.kr/bbs/login74f8.html]
[www.momsis.co.kr/bbs/board9e91.html]
[www.momsis.co.kr/bbs/logina2bc.html]
[www.momsis.co.kr/bbs/boardab59.html]
[www.momsis.co.kr/bbs/boardbf73.html]
[www.momsis.co.kr/bbs/board46b8.html]
[www.momsis.co.kr/bbs/login4248.html]
[www.momsis.co.kr/bbs/login051d.html]
[www.momsis.co.kr/bbs/board5616.html]
[www.momsis.co.kr/bbs/login6724.html]
[www.momsis.co.kr/bbs/boardbaa6.html]
[www.momsis.co.kr/bbs/board5fa5.html]
[www.momsis.co.kr/bbs/loginf178.html]
[www.momsis.co.kr/bbs/boardfdb3.html]
[www.momsis.co.kr/bbs/login8b3c.html]
[www.momsis.co.kr/bbs/loginc6ed.html]
[www.momsis.co.kr/bbs/boardb4cd.html]
[www.momsis.co.kr/bbs/board11e4.html]
[www.momsis.co.kr/bbs/board359c.html]
[www.momsis.co.kr/bbs/board1795.html]
[www.momsis.co.kr/bbs/board122d.html]
[www.momsis.co.kr/bbs/board5f17.html]
[www.momsis.co.kr/bbs/boardf838.html]
[www.momsis.co.kr/bbs/login651c.html]
[www.momsis.co.kr/bbs/boardd5db.html]
[www.momsis.co.kr/bbs/board2075.html]
[www.momsis.co.kr/bbs/boardf80b.html]
[www.momsis.co.kr/bbs/login22cb.html]
[www.momsis.co.kr/bbs/boardfc9a.html]
[www.momsis.co.kr/bbs/logind188.html]
[www.momsis.co.kr/bbs/board14df.html]
[www.momsis.co.kr/bbs/login5c7b.html]
[www.momsis.co.kr/bbs/loginb475.html]
[www.momsis.co.kr/bbs/login8c85.html]
[www.momsis.co.kr/bbs/login8f44.html]
[www.momsis.co.kr/bbs/board2a7c.html]
[www.momsis.co.kr/bbs/boardb7fd.html]
[www.momsis.co.kr/bbs/boardccf7.html]
[www.momsis.co.kr/bbs/boardafd2.html]
[www.momsis.co.kr/bbs/boarddf32.html]
[www.momsis.co.kr/bbs/boardbf4c.html]
[www.momsis.co.kr/bbs/board8952.html]
[www.momsis.co.kr/bbs/board0213.html]
[www.momsis.co.kr/bbs/loginee9c.html]
[www.momsis.co.kr/bbs/board040f.html]
[www.momsis.co.kr/bbs/loginc3b8.html]
[www.momsis.co.kr/bbs/board3e1e.html]
[www.momsis.co.kr/bbs/login58c0.html]
[www.momsis.co.kr/bbs/login8a2f.html]
[www.momsis.co.kr/bbs/boardf14c.html]
[www.momsis.co.kr/bbs/login5a68.html]
[www.momsis.co.kr/bbs/logina4a6.html]
[www.momsis.co.kr/bbs/boarde221.html]
[www.momsis.co.kr/bbs/loginf7b1.html]
[www.momsis.co.kr/bbs/logind0cb.html]
[www.momsis.co.kr/bbs/board5e47.html]
[www.momsis.co.kr/bbs/logina431.html]
[www.momsis.co.kr/bbs/board2595.html]
[www.momsis.co.kr/bbs/boardc4c8.html]
[www.momsis.co.kr/bbs/board166a.html]
[www.momsis.co.kr/bbs/boarde681.html]
[www.momsis.co.kr/bbs/loginb873.html]
[www.momsis.co.kr/bbs/board4bf5.html]
[www.momsis.co.kr/bbs/login47de.html]
[www.momsis.co.kr/bbs/board1b9d.html]
[www.momsis.co.kr/bbs/loginae8e.html]
[www.momsis.co.kr/bbs/login5c8a.html]
[www.momsis.co.kr/bbs/login68df.html]
[www.momsis.co.kr/bbs/login95b0.html]
[www.momsis.co.kr/bbs/login5d04.html]
[www.momsis.co.kr/bbs/loginf209.html]
[www.momsis.co.kr/bbs/boardba06.html]
[www.momsis.co.kr/bbs/board645a.html]
[www.momsis.co.kr/bbs/boardad1b.html]
[www.momsis.co.kr/bbs/login073b.html]
[www.momsis.co.kr/bbs/login7308.html]
[www.momsis.co.kr/bbs/board8bb1.html]
[www.momsis.co.kr/bbs/boardf78d.html]
[www.momsis.co.kr/bbs/logindfb3.html]
[www.momsis.co.kr/bbs/board6454.html]
[www.momsis.co.kr/bbs/login8eab.html]
[www.momsis.co.kr/bbs/login33cb.html]
[www.momsis.co.kr/bbs/board1ce0.html]
[www.momsis.co.kr/bbs/boardff97.html]
[www.momsis.co.kr/bbs/logina080.html]
[www.momsis.co.kr/bbs/write_update.html]
[www.momsis.co.kr/bbs/loginac23.html]
[www.momsis.co.kr/bbs/logine624.html]
[www.momsis.co.kr/bbs/board695c.html]
[www.momsis.co.kr/bbs/logind92d.html]
[www.momsis.co.kr/bbs/board0edb.html]
[www.momsis.co.kr/bbs/board8f27.html]
[www.momsis.co.kr/bbs/boardb81c.html]
[www.momsis.co.kr/bbs/boardb21a.html]
[www.momsis.co.kr/bbs/board8294.html]
[www.momsis.co.kr/bbs/board28e5.html]
[www.momsis.co.kr/bbs/board7e0c.html]
[www.momsis.co.kr/bbs/boardc655.html]
[www.momsis.co.kr/bbs/board1b1c.html]
[www.momsis.co.kr/bbs/board6f0b.html]
[www.momsis.co.kr/bbs/board962d.html]
[www.momsis.co.kr/bbs/board055a.html]
[www.momsis.co.kr/bbs/board2f33.html]
[www.momsis.co.kr/bbs/board5542.html]
[www.momsis.co.kr/bbs/boardd2fc.html]
[www.momsis.co.kr/bbs/board805f.html]
[www.momsis.co.kr/bbs/login5a87.html]
[www.momsis.co.kr/bbs/board77fd.html]
[www.momsis.co.kr/bbs/board32da.html]
[www.momsis.co.kr/bbs/board43a2.html]
[www.momsis.co.kr/bbs/board17a5.html]
[www.momsis.co.kr/bbs/login25e1.html]
[www.momsis.co.kr/bbs/boardcbcf.html]
[www.momsis.co.kr/bbs/login3a36.html]
[www.momsis.co.kr/bbs/board07f0.html]
[www.momsis.co.kr/bbs/login30b9.html]
[www.momsis.co.kr/bbs/board3fa3.html]
[www.momsis.co.kr/bbs/loginae98.html]
[www.momsis.co.kr/bbs/board2025.html]
[www.momsis.co.kr/bbs/login1b1e.html]
[www.momsis.co.kr/bbs/board317f.html]
[www.momsis.co.kr/bbs/login816d.html]
[www.momsis.co.kr/bbs/boardfe8d.html]
[www.momsis.co.kr/bbs/loginb845.html]
[www.momsis.co.kr/bbs/boardaec8.html]
[www.momsis.co.kr/bbs/login70d9.html]
[www.momsis.co.kr/bbs/board6d40.html]
[www.momsis.co.kr/bbs/logine90c.html]
[www.momsis.co.kr/bbs/boardd127.html]
[www.momsis.co.kr/bbs/loginac0b.html]
[www.momsis.co.kr/bbs/boardf0d1.html]
[www.momsis.co.kr/bbs/login2af7.html]
[www.momsis.co.kr/bbs/board795d.html]
[www.momsis.co.kr/bbs/login1673.html]
[www.momsis.co.kr/bbs/board0050.html]
[www.momsis.co.kr/bbs/login03af.html]
[www.momsis.co.kr/bbs/loginf9b6.html]
[www.momsis.co.kr/bbs/login711e.html]
[www.momsis.co.kr/bbs/login5791.html]
[www.momsis.co.kr/bbs/board4b5a.html]
[www.momsis.co.kr/bbs/boardb40b.html]
[www.momsis.co.kr/bbs/board0ed8.html]
[www.momsis.co.kr/bbs/board30ef.html]
[www.momsis.co.kr/bbs/board9948.html]
[www.momsis.co.kr/bbs/boarda794.html]
[www.momsis.co.kr/bbs/board4486.html]
[www.momsis.co.kr/bbs/boardf642.html]
[www.momsis.co.kr/bbs/board9efa.html]
[www.momsis.co.kr/bbs/board5ef9.html]
[www.momsis.co.kr/bbs/boarde85c.html]
[www.momsis.co.kr/bbs/boardee90.html]
[www.momsis.co.kr/bbs/board5248.html]
[www.momsis.co.kr/bbs/boardaa62.html]
[www.momsis.co.kr/bbs/board7a24.html]
[www.momsis.co.kr/bbs/board8b79.html]
[www.momsis.co.kr/bbs/loginab9b.html]
[www.momsis.co.kr/bbs/board3eb4.html]
[www.momsis.co.kr/bbs/boarda6bf.html]
[www.momsis.co.kr/bbs/boardd491.html]
[www.momsis.co.kr/bbs/logina808.html]
[www.momsis.co.kr/bbs/board5b48.html]
[www.momsis.co.kr/bbs/login9ded.html]
[www.momsis.co.kr/bbs/board2448.html]
[www.momsis.co.kr/bbs/login888c.html]
[www.momsis.co.kr/bbs/board12f0.html]
[www.momsis.co.kr/bbs/login3bd0.html]
[www.momsis.co.kr/bbs/board1295.html]
[www.momsis.co.kr/bbs/login0957.html]
[www.momsis.co.kr/bbs/boardda5e.html]
[www.momsis.co.kr/bbs/logincdc4.html]
[www.momsis.co.kr/bbs/boardb106.html]
[www.momsis.co.kr/bbs/loginf044.html]
[www.momsis.co.kr/bbs/boardfed3.html]
[www.momsis.co.kr/bbs/login5d4a.html]
[www.momsis.co.kr/bbs/board010d.html]
[www.momsis.co.kr/bbs/login31cb.html]
[www.momsis.co.kr/bbs/board9b27.html]
[www.momsis.co.kr/bbs/login7e37.html]
[www.momsis.co.kr/bbs/board496c.html]
[www.momsis.co.kr/bbs/logind328.html]
[www.momsis.co.kr/bbs/boardf709.html]
[www.momsis.co.kr/bbs/login0834.html]
[www.momsis.co.kr/bbs/board5ed4.html]
[www.momsis.co.kr/bbs/login1627.html]
[www.momsis.co.kr/bbs/login361e.html]
[www.momsis.co.kr/bbs/login5648.html]
[www.momsis.co.kr/bbs/login2f8d.html]
[www.momsis.co.kr/bbs/board4146.html]
[www.momsis.co.kr/bbs/board11dd.html]
[www.momsis.co.kr/bbs/board6c87.html]
[www.momsis.co.kr/bbs/board74c0.html]
[www.momsis.co.kr/bbs/board3846.html]
[www.momsis.co.kr/bbs/boardd06a.html]
[www.momsis.co.kr/bbs/board0adb.html]
[www.momsis.co.kr/bbs/board0a04.html]
[www.momsis.co.kr/bbs/boarde45c.html]
[www.momsis.co.kr/bbs/boardd006.html]
[www.momsis.co.kr/bbs/boardcbfd.html]
[www.momsis.co.kr/bbs/boarde927.html]
[www.momsis.co.kr/bbs/board90b2.html]
[www.momsis.co.kr/bbs/board5ec6.html]
[www.momsis.co.kr/bbs/logina634.html]
[www.momsis.co.kr/bbs/loginbc4d.html]
[www.momsis.co.kr/bbs/login10cf.html]
[www.momsis.co.kr/bbs/login14de.html]
[www.momsis.co.kr/bbs/login7b5b.html]
[www.momsis.co.kr/bbs/login8019.html]
[www.momsis.co.kr/bbs/login7335.html]
[www.momsis.co.kr/bbs/login2f60.html]
[www.momsis.co.kr/bbs/login7448.html]
[www.momsis.co.kr/bbs/login669e.html]
[www.momsis.co.kr/bbs/login61ab.html]
[www.momsis.co.kr/bbs/login7097.html]
[www.momsis.co.kr/bbs/login684b.html]
[www.momsis.co.kr/bbs/loginf539.html]
[www.momsis.co.kr/bbs/login799d.html]
[www.momsis.co.kr/bbs/board0bc1.html]
[www.momsis.co.kr/bbs/boardbdd6.html]
[www.momsis.co.kr/bbs/login74f8.html]
[www.momsis.co.kr/bbs/boardb07a.html]
[www.momsis.co.kr/bbs/login6b32.html]
[www.momsis.co.kr/bbs/board9e91.html]
[www.momsis.co.kr/bbs/logina2bc.html]
[www.momsis.co.kr/bbs/boardbf73.html]
[www.momsis.co.kr/bbs/login051d.html]
[www.momsis.co.kr/bbs/login7209.html]
[www.momsis.co.kr/bbs/login3e9b.html]
[www.momsis.co.kr/bbs/loginb861.html]
[www.momsis.co.kr/bbs/board5616.html]
[www.momsis.co.kr/bbs/login6724.html]
[www.momsis.co.kr/bbs/boardfdb3.html]
[www.momsis.co.kr/bbs/login8b3c.html]
[www.momsis.co.kr/bbs/loginc6ed.html]
[www.momsis.co.kr/bbs/board626f.html]
[www.momsis.co.kr/bbs/boardb4cd.html]
[www.momsis.co.kr/bbs/login0b65.html]
[www.momsis.co.kr/bbs/board11e4.html]
[www.momsis.co.kr/bbs/logind31f.html]
[www.momsis.co.kr/bbs/board359c.html]
[www.momsis.co.kr/bbs/login54b5.html]
[www.momsis.co.kr/bbs/board122d.html]
[www.momsis.co.kr/bbs/loginf1c2.html]
[www.momsis.co.kr/bbs/board5f17.html]
[www.momsis.co.kr/bbs/login651c.html]
[www.momsis.co.kr/bbs/loginb76e.html]
[www.momsis.co.kr/bbs/loginda57.html]
[www.momsis.co.kr/bbs/logina275.html]
[www.momsis.co.kr/bbs/board4432.html]
[www.momsis.co.kr/bbs/boardc48b.html]
[www.momsis.co.kr/bbs/board03d1.html]
[www.momsis.co.kr/bbs/board2075.html]
[www.momsis.co.kr/bbs/login22cb.html]
[www.momsis.co.kr/bbs/logind188.html]
[www.momsis.co.kr/bbs/loginb475.html]
[www.momsis.co.kr/bbs/login8c85.html]
[www.momsis.co.kr/bbs/login8f44.html]
[www.momsis.co.kr/bbs/board508e.html]
[www.momsis.co.kr/bbs/board2a7c.html]
[www.momsis.co.kr/bbs/boardca75.html]
[www.momsis.co.kr/bbs/boardb7fd.html]
[www.momsis.co.kr/bbs/login826d.html]
[www.momsis.co.kr/bbs/boardccf7.html]
[www.momsis.co.kr/bbs/login39cd.html]
[www.momsis.co.kr/bbs/boarddf32.html]
[www.momsis.co.kr/bbs/loginf6cc.html]
[www.momsis.co.kr/bbs/board8952.html]
[www.momsis.co.kr/bbs/loginee9c.html]
[www.momsis.co.kr/bbs/loginc3b8.html]
[www.momsis.co.kr/bbs/login58c0.html]
[www.momsis.co.kr/bbs/login8a2f.html]
[www.momsis.co.kr/bbs/logina4a6.html]
[www.momsis.co.kr/bbs/logind0cb.html]
[www.momsis.co.kr/bbs/loginb513.html]
[www.momsis.co.kr/bbs/board5e47.html]
[www.momsis.co.kr/bbs/logina431.html]
[www.momsis.co.kr/bbs/logine05f.html]
[www.momsis.co.kr/bbs/board166a.html]
[www.momsis.co.kr/bbs/loginb873.html]
[www.momsis.co.kr/bbs/login47de.html]
[www.momsis.co.kr/bbs/login95b0.html]
[www.momsis.co.kr/bbs/login5d04.html]
[www.momsis.co.kr/bbs/loginf209.html]
[www.momsis.co.kr/bbs/login97f6.html]
[www.momsis.co.kr/bbs/board645a.html]
[www.momsis.co.kr/bbs/login7308.html]
[www.momsis.co.kr/bbs/loginf63c.html]
[www.momsis.co.kr/bbs/login7a82.html]
[www.momsis.co.kr/bbs/login2a19.html]
[www.momsis.co.kr/bbs/board8bb1.html]
[www.momsis.co.kr/bbs/logindfb3.html]
[www.momsis.co.kr/bbs/board1ce0.html]
[www.momsis.co.kr/bbs/login33cb.html]
[www.momsis.co.kr/bbs/logine624.html]
[www.momsis.co.kr/bbs/boardd324.html]
[www.momsis.co.kr/bbs/login1781.html]
[www.momsis.co.kr/bbs/login0b87.html]
[www.momsis.co.kr/bbs/board695c.html]
[www.momsis.co.kr/bbs/logind92d.html]
[www.momsis.co.kr/bbs/board8b85.html]
[www.momsis.co.kr/bbs/board0edb.html]
[www.momsis.co.kr/bbs/board8f27.html]
[www.momsis.co.kr/bbs/loginbf80.html]
[www.momsis.co.kr/bbs/boardb81c.html]
[www.momsis.co.kr/bbs/loginf8e5.html]
[www.momsis.co.kr/bbs/boardb21a.html]
[www.momsis.co.kr/bbs/login2626.html]
[www.momsis.co.kr/bbs/board8294.html]
[www.momsis.co.kr/bbs/login8b16.html]
[www.momsis.co.kr/bbs/board28e5.html]
[www.momsis.co.kr/bbs/login2d88.html]
[www.momsis.co.kr/bbs/board7e0c.html]
[www.momsis.co.kr/bbs/login26fd.html]
[www.momsis.co.kr/bbs/boardc655.html]
[www.momsis.co.kr/bbs/login6dc6.html]
[www.momsis.co.kr/bbs/board1b1c.html]
[www.momsis.co.kr/bbs/login6402.html]
[www.momsis.co.kr/bbs/board6f0b.html]
[www.momsis.co.kr/bbs/loginf525.html]
[www.momsis.co.kr/bbs/board962d.html]
[www.momsis.co.kr/bbs/loginad07.html]
[www.momsis.co.kr/bbs/board055a.html]
[www.momsis.co.kr/bbs/login9625.html]
[www.momsis.co.kr/bbs/board5542.html]
[www.momsis.co.kr/bbs/login9f7b.html]
[www.momsis.co.kr/bbs/boardd2fc.html]
[www.momsis.co.kr/bbs/login4651.html]
[www.momsis.co.kr/bbs/board77fd.html]
[www.momsis.co.kr/bbs/login5a87.html]
[www.momsis.co.kr/bbs/login2cd2.html]
[www.momsis.co.kr/bbs/login2591.html]
[www.momsis.co.kr/bbs/logine25c.html]
[www.momsis.co.kr/bbs/board9287.html]
[www.momsis.co.kr/bbs/boardb024.html]
[www.momsis.co.kr/bbs/board7f72.html]
[www.momsis.co.kr/bbs/boardad4b.html]
[www.momsis.co.kr/bbs/board44a1.html]
[www.momsis.co.kr/bbs/board279c.html]
[www.momsis.co.kr/bbs/boarde9d1.html]
[www.momsis.co.kr/bbs/board0ded.html]
[www.momsis.co.kr/bbs/board6d8d.html]
[www.momsis.co.kr/bbs/board89af.html]
[www.momsis.co.kr/bbs/board825d.html]
[www.momsis.co.kr/bbs/boardbb79.html]
[www.momsis.co.kr/bbs/board43a2.html]
[www.momsis.co.kr/bbs/login25e1.html]
[www.momsis.co.kr/bbs/login3a36.html]
[www.momsis.co.kr/bbs/login30b9.html]
[www.momsis.co.kr/bbs/loginae98.html]
[www.momsis.co.kr/bbs/login1b1e.html]
[www.momsis.co.kr/bbs/login816d.html]
[www.momsis.co.kr/bbs/loginb845.html]
[www.momsis.co.kr/bbs/login70d9.html]
[www.momsis.co.kr/bbs/logine90c.html]
[www.momsis.co.kr/bbs/loginac0b.html]
[www.momsis.co.kr/bbs/login2af7.html]
[www.momsis.co.kr/bbs/login1673.html]
[www.momsis.co.kr/bbs/loginf9b6.html]
[www.momsis.co.kr/bbs/login711e.html]
[www.momsis.co.kr/bbs/login5791.html]
[www.momsis.co.kr/bbs/board73e9.html]
[www.momsis.co.kr/bbs/board4b5a.html]
[www.momsis.co.kr/bbs/board548c.html]
[www.momsis.co.kr/bbs/boardb40b.html]
[www.momsis.co.kr/bbs/logina950.html]
[www.momsis.co.kr/bbs/board266f.html]
[www.momsis.co.kr/bbs/board0ed8.html]
[www.momsis.co.kr/bbs/login7445.html]
[www.momsis.co.kr/bbs/board30ef.html]
[www.momsis.co.kr/bbs/login7ca3.html]
[www.momsis.co.kr/bbs/board9948.html]
[www.momsis.co.kr/bbs/login70c8.html]
[www.momsis.co.kr/bbs/boarda794.html]
[www.momsis.co.kr/bbs/loginbd97.html]
[www.momsis.co.kr/bbs/board4486.html]
[www.momsis.co.kr/bbs/login6758.html]
[www.momsis.co.kr/bbs/boardf642.html]
[www.momsis.co.kr/bbs/login5b12.html]
[www.momsis.co.kr/bbs/board9efa.html]
[www.momsis.co.kr/bbs/loginba08.html]
[www.momsis.co.kr/bbs/board5ef9.html]
[www.momsis.co.kr/bbs/login4165.html]
[www.momsis.co.kr/bbs/boarde85c.html]
[www.momsis.co.kr/bbs/login891a.html]
[www.momsis.co.kr/bbs/boardee90.html]
[www.momsis.co.kr/bbs/login123b.html]
[www.momsis.co.kr/bbs/boardaa62.html]
[www.momsis.co.kr/bbs/logine0fb.html]
[www.momsis.co.kr/bbs/board8b79.html]
[www.momsis.co.kr/bbs/login45d0.html]
[www.momsis.co.kr/bbs/boarda6bf.html]
[www.momsis.co.kr/bbs/loginab9b.html]
[www.momsis.co.kr/bbs/logina808.html]
[www.momsis.co.kr/bbs/login9ded.html]
[www.momsis.co.kr/bbs/login888c.html]
[www.momsis.co.kr/bbs/login3bd0.html]
[www.momsis.co.kr/bbs/login0957.html]
[www.momsis.co.kr/bbs/logincdc4.html]
[www.momsis.co.kr/bbs/loginf044.html]
[www.momsis.co.kr/bbs/login5d4a.html]
[www.momsis.co.kr/bbs/login31cb.html]
[www.momsis.co.kr/bbs/login7e37.html]
[www.momsis.co.kr/bbs/logind328.html]
[www.momsis.co.kr/bbs/login0834.html]
[www.momsis.co.kr/bbs/login361e.html]
[www.momsis.co.kr/bbs/login5648.html]
[www.momsis.co.kr/bbs/login2f8d.html]
[www.momsis.co.kr/bbs/logina947.html]
[www.momsis.co.kr/bbs/login9f48.html]
[www.momsis.co.kr/bbs/board4146.html]
[www.momsis.co.kr/bbs/loginebce.html]
[www.momsis.co.kr/bbs/board11dd.html]
[www.momsis.co.kr/bbs/board78be.html]
[www.momsis.co.kr/bbs/board6c87.html]
[www.momsis.co.kr/bbs/login2eb9.html]
[www.momsis.co.kr/bbs/board74c0.html]
[www.momsis.co.kr/bbs/logine047.html]
[www.momsis.co.kr/bbs/board3846.html]
[www.momsis.co.kr/bbs/loginc04e.html]
[www.momsis.co.kr/bbs/boardd06a.html]
[www.momsis.co.kr/bbs/login8bdb.html]
[www.momsis.co.kr/bbs/login950d.html]
[www.momsis.co.kr/bbs/board0adb.html]
[www.momsis.co.kr/bbs/board0a04.html]
[www.momsis.co.kr/bbs/logina443.html]
[www.momsis.co.kr/bbs/boarde45c.html]
[www.momsis.co.kr/bbs/logine696.html]
[www.momsis.co.kr/bbs/boardd006.html]
[www.momsis.co.kr/bbs/logind716.html]
[www.momsis.co.kr/bbs/boardcbfd.html]
[www.momsis.co.kr/bbs/logincc8e.html]
[www.momsis.co.kr/bbs/boarde927.html]
[www.momsis.co.kr/bbs/login68b9.html]
[www.momsis.co.kr/bbs/board90b2.html]
[www.momsis.co.kr/bbs/login3442.html]
[www.momsis.co.kr/bbs/board0bc1.html]
[www.momsis.co.kr/bbs/login579f.html]
[www.momsis.co.kr/bbs/boardb07a.html]
[www.momsis.co.kr/bbs/login6b32.html]
[www.momsis.co.kr/bbs/login7209.html]
[www.momsis.co.kr/bbs/login3e9b.html]
[www.momsis.co.kr/bbs/loginb861.html]
[www.momsis.co.kr/bbs/loginbceb.html]
[www.momsis.co.kr/bbs/board626f.html]
[www.momsis.co.kr/bbs/login0b65.html]
[www.momsis.co.kr/bbs/logind31f.html]
[www.momsis.co.kr/bbs/login54b5.html]
[www.momsis.co.kr/bbs/loginf1c2.html]
[www.momsis.co.kr/bbs/loginb76e.html]
[www.momsis.co.kr/bbs/loginda57.html]
[www.momsis.co.kr/bbs/logina275.html]
[www.momsis.co.kr/bbs/login99f5.html]
[www.momsis.co.kr/bbs/board4432.html]
[www.momsis.co.kr/bbs/login1fc7.html]
[www.momsis.co.kr/bbs/boardc48b.html]
[www.momsis.co.kr/bbs/logince57.html]
[www.momsis.co.kr/bbs/board03d1.html]
[www.momsis.co.kr/bbs/loginb201.html]
[www.momsis.co.kr/bbs/board508e.html]
[www.momsis.co.kr/bbs/login2fea.html]
[www.momsis.co.kr/bbs/boardca75.html]
[www.momsis.co.kr/bbs/login826d.html]
[www.momsis.co.kr/bbs/login39cd.html]
[www.momsis.co.kr/bbs/loginf6cc.html]
[www.momsis.co.kr/bbs/loginb513.html]
[www.momsis.co.kr/bbs/logine05f.html]
[www.momsis.co.kr/bbs/login97f6.html]
[www.momsis.co.kr/bbs/loginf63c.html]
[www.momsis.co.kr/bbs/login7a82.html]
[www.momsis.co.kr/bbs/login2a19.html]
[www.momsis.co.kr/bbs/logina1d2.html]
[www.momsis.co.kr/bbs/boardd324.html]
[www.momsis.co.kr/bbs/login1781.html]
[www.momsis.co.kr/bbs/login0b87.html]
[www.momsis.co.kr/bbs/login351f.html]
[www.momsis.co.kr/bbs/board8b85.html]
[www.momsis.co.kr/bbs/loginbf80.html]
[www.momsis.co.kr/bbs/loginf8e5.html]
[www.momsis.co.kr/bbs/login2626.html]
[www.momsis.co.kr/bbs/login8b16.html]
[www.momsis.co.kr/bbs/login2d88.html]
[www.momsis.co.kr/bbs/login26fd.html]
[www.momsis.co.kr/bbs/login6dc6.html]
[www.momsis.co.kr/bbs/login6402.html]
[www.momsis.co.kr/bbs/loginf525.html]
[www.momsis.co.kr/bbs/loginad07.html]
[www.momsis.co.kr/bbs/login9625.html]
[www.momsis.co.kr/bbs/login9f7b.html]
[www.momsis.co.kr/bbs/login4651.html]
[www.momsis.co.kr/bbs/login2cd2.html]
[www.momsis.co.kr/bbs/login2591.html]
[www.momsis.co.kr/bbs/logine25c.html]
[www.momsis.co.kr/bbs/loginc124.html]
[www.momsis.co.kr/bbs/board9287.html]
[www.momsis.co.kr/bbs/login8a39.html]
[www.momsis.co.kr/bbs/boardb024.html]
[www.momsis.co.kr/bbs/login3728.html]
[www.momsis.co.kr/bbs/board7f72.html]
[www.momsis.co.kr/bbs/logine1ef.html]
[www.momsis.co.kr/bbs/boardad4b.html]
[www.momsis.co.kr/bbs/logina072.html]
[www.momsis.co.kr/bbs/board44a1.html]
[www.momsis.co.kr/bbs/login6bd8.html]
[www.momsis.co.kr/bbs/board279c.html]
[www.momsis.co.kr/bbs/login3597.html]
[www.momsis.co.kr/bbs/boarde9d1.html]
[www.momsis.co.kr/bbs/logind726.html]
[www.momsis.co.kr/bbs/board0ded.html]
[www.momsis.co.kr/bbs/login02b1.html]
[www.momsis.co.kr/bbs/board6d8d.html]
[www.momsis.co.kr/bbs/logined42.html]
[www.momsis.co.kr/bbs/board89af.html]
[www.momsis.co.kr/bbs/logina1b7.html]
[www.momsis.co.kr/bbs/board825d.html]
[www.momsis.co.kr/bbs/login4090.html]
[www.momsis.co.kr/bbs/boardbb79.html]
[www.momsis.co.kr/bbs/login3b41.html]
[www.momsis.co.kr/bbs/board73e9.html]
[www.momsis.co.kr/bbs/loginef51.html]
[www.momsis.co.kr/bbs/board548c.html]
[www.momsis.co.kr/bbs/login1ad7.html]
[www.momsis.co.kr/bbs/board266f.html]
[www.momsis.co.kr/bbs/logina950.html]
[www.momsis.co.kr/bbs/login7445.html]
[www.momsis.co.kr/bbs/login7ca3.html]
[www.momsis.co.kr/bbs/login70c8.html]
[www.momsis.co.kr/bbs/loginbd97.html]
[www.momsis.co.kr/bbs/login6758.html]
[www.momsis.co.kr/bbs/login5b12.html]
[www.momsis.co.kr/bbs/loginba08.html]
[www.momsis.co.kr/bbs/login4165.html]
[www.momsis.co.kr/bbs/login891a.html]
[www.momsis.co.kr/bbs/login123b.html]
[www.momsis.co.kr/bbs/logine0fb.html]
[www.momsis.co.kr/bbs/login45d0.html]
[www.momsis.co.kr/bbs/logina947.html]
[www.momsis.co.kr/bbs/login9f48.html]
[www.momsis.co.kr/bbs/loginebce.html]
[www.momsis.co.kr/bbs/loginec2b.html]
[www.momsis.co.kr/bbs/board78be.html]
[www.momsis.co.kr/bbs/login2eb9.html]
[www.momsis.co.kr/bbs/logine047.html]
[www.momsis.co.kr/bbs/loginc04e.html]
[www.momsis.co.kr/bbs/login8bdb.html]
[www.momsis.co.kr/bbs/login950d.html]
[www.momsis.co.kr/bbs/logina443.html]
[www.momsis.co.kr/bbs/logine696.html]
[www.momsis.co.kr/bbs/logind716.html]
[www.momsis.co.kr/bbs/logincc8e.html]
[www.momsis.co.kr/bbs/login68b9.html]
[www.momsis.co.kr/bbs/login3442.html]
[www.momsis.co.kr/bbs/login579f.html]
[www.momsis.co.kr/bbs/loginbceb.html]
[www.momsis.co.kr/bbs/login99f5.html]
[www.momsis.co.kr/bbs/login1fc7.html]
[www.momsis.co.kr/bbs/logince57.html]
[www.momsis.co.kr/bbs/loginb201.html]
[www.momsis.co.kr/bbs/login2fea.html]
[www.momsis.co.kr/bbs/logina1d2.html]
[www.momsis.co.kr/bbs/login351f.html]
[www.momsis.co.kr/bbs/loginc124.html]
[www.momsis.co.kr/bbs/login5032.html]
[www.momsis.co.kr/bbs/login8a39.html]
[www.momsis.co.kr/bbs/login3728.html]
[www.momsis.co.kr/bbs/logine1ef.html]
[www.momsis.co.kr/bbs/logina072.html]
[www.momsis.co.kr/bbs/login6bd8.html]
[www.momsis.co.kr/bbs/login3597.html]
[www.momsis.co.kr/bbs/logind726.html]
[www.momsis.co.kr/bbs/login02b1.html]
[www.momsis.co.kr/bbs/logined42.html]
[www.momsis.co.kr/bbs/logina1b7.html]
[www.momsis.co.kr/bbs/login4090.html]
[www.momsis.co.kr/bbs/login3b41.html]
[www.momsis.co.kr/bbs/loginef51.html]
[www.momsis.co.kr/bbs/login1ad7.html]
[www.momsis.co.kr/bbs/loginec2b.html]
[www.momsis.co.kr/bbs/login5032.html]
[www.momsis.co.kr/bbs/loginf2f4.html]
[www.momsis.co.kr/bbs/loginf2f4.html]
